Content-Type: multipart/alternative;
 boundary="===============8531159236800376225=="
MIME-Version: 1.0
Subject: EMAIL CONFIRMATION CODE
From: Zamio <zamio@gmail.com>
To: adminboss@gmail.com
Date: Thu, 17 Jul 2025 22:00:32 -0000
Message-ID: <175278963247.2920.11081271138649621168@DESKTOP-7SL6F9Q>

--===============8531159236800376225==
Content-Type: text/plain; charset="utf-8"
MIME-Version: 1.0
Content-Transfer-Encoding: 7bit

Hello Admin`,


Your email confirmation code is

0168

Once you activate, you can log in !

Thank you,

ZamIO
--===============8531159236800376225==
Content-Type: text/html; charset="utf-8"
MIME-Version: 1.0
Content-Transfer-Encoding: 7bit

<p>Hello Admin`,</p>

<p>Your email confirmation code is </p> <h1>0168</h1>


<p>Once you activate, you can log in !</p>
<p>Thank you,</p>
<p>ZamIO</p>

--===============8531159236800376225==--

-------------------------------------------------------------------------------
