Content-Type: multipart/alternative;
 boundary="===============5865460078237118934=="
MIME-Version: 1.0
Subject: EMAIL CONFIRMATION CODE
From: Zamio <zamio@gmail.com>
To: pubpuppy@gmail.com
Date: Wed, 20 Aug 2025 11:40:26 -0000
Message-ID: <175569002667.13220.17810182782551602436@DESKTOP-J6P2780>

--===============5865460078237118934==
Content-Type: text/plain; charset="utf-8"
MIME-Version: 1.0
Content-Transfer-Encoding: 7bit

Hello Pub,


Your email confirmation code is

6161

Once you activate, you can log in !

Thank you,

ZamIO
--===============5865460078237118934==
Content-Type: text/html; charset="utf-8"
MIME-Version: 1.0
Content-Transfer-Encoding: 7bit

<p>Hello Pub,</p>

<p>Your email confirmation code is </p> <h1>6161</h1>


<p>Once you activate, you can log in !</p>
<p>Thank you,</p>
<p>ZamIO</p>

--===============5865460078237118934==--

-------------------------------------------------------------------------------
